
> my-project@0.1.0 build
> next build

Γû▓ Next.js 16.1.6 (Turbopack)
- Environments: .env

  Creating an optimized production build ...
Γ£ô Compiled successfully in 20.3s
  Skipping validation of types
