app/admin/dashboard/page.tsx(380,36): error TS2339: Property 'province' does not exist on type '{ fullName: string; gender: string; city: string; fullAddress: string; email: string; phone: string; emergencyPhone: string; }'.
components/product-detail-modal.tsx(377,14): error TS2322: Type '{ dangerouslySetAttribute: { __html: string; }; }' is not assignable to type 'DetailedHTMLProps<StyleHTMLAttributes<HTMLStyleElement>, HTMLStyleElement>'.
  Property 'dangerouslySetAttribute' does not exist on type 'DetailedHTMLProps<StyleHTMLAttributes<HTMLStyleElement>, HTMLStyleElement>'.
